$ /opt/homebrew/bin/python3 -m venv /tmp/axcp-m8-python-venv-20260705-210803
$ /tmp/axcp-m8-python-venv-20260705-210803/bin/python -m pip install --upgrade pip
Requirement already satisfied: pip in /private/tmp/axcp-m8-python-venv-20260705-210803/lib/python3.14/site-packages (25.3)
Collecting pip
  Using cached pip-26.1.2-py3-none-any.whl.metadata (4.6 kB)
Using cached pip-26.1.2-py3-none-any.whl (1.8 MB)
Installing collected packages: pip
  Attempting uninstall: pip
    Found existing installation: pip 25.3
    Uninstalling pip-25.3:
      Successfully uninstalled pip-25.3
Successfully installed pip-26.1.2
$ /tmp/axcp-m8-python-venv-20260705-210803/bin/python -m pip install -r requirements.txt -e sdk/python aioquic pytest-cov
Obtaining file:///Users/tradephantom/Downloads/AXCP/axcp-spec/sdk/python
  Installing build dependencies: started
  Installing build dependencies: finished with status 'done'
  Checking if build backend supports build_editable: started
  Checking if build backend supports build_editable: finished with status 'done'
  Getting requirements to build editable: started
  Getting requirements to build editable: finished with status 'done'
  Preparing editable metadata (pyproject.toml): started
  Preparing editable metadata (pyproject.toml): finished with status 'done'
Collecting aioquic
  Using cached aioquic-1.3.0-cp310-abi3-macosx_11_0_arm64.whl.metadata (6.3 kB)
Collecting pytest-cov
  Using cached pytest_cov-7.1.0-py3-none-any.whl.metadata (32 kB)
Collecting numpy>=1.21.0 (from -r requirements.txt (line 1))
  Using cached numpy-2.5.1-cp314-cp314-macosx_14_0_arm64.whl.metadata (6.6 kB)
Collecting paho-mqtt==1.6.1 (from -r requirements.txt (line 2))
  Using cached paho_mqtt-1.6.1-py3-none-any.whl
Collecting pytest>=7.0.0 (from -r requirements.txt (line 3))
  Using cached pytest-9.1.1-py3-none-any.whl.metadata (7.6 kB)
Collecting scipy>=1.7.0 (from -r requirements.txt (line 4))
  Using cached scipy-1.18.0-cp314-cp314-macosx_14_0_arm64.whl.metadata (62 kB)
Collecting grpcio-tools>=1.50.0 (from -r requirements.txt (line 5))
  Using cached grpcio_tools-1.81.1-cp314-cp314-macosx_11_0_universal2.whl.metadata (5.3 kB)
Collecting protobuf>=6.31.1 (from -r requirements.txt (line 6))
  Using cached protobuf-7.35.1-cp310-abi3-macosx_10_9_universal2.whl.metadata (595 bytes)
Collecting PyNaCl>=1.5.0 (from -r requirements.txt (line 7))
  Using cached pynacl-1.6.2-cp38-abi3-macosx_10_10_universal2.whl.metadata (10.0 kB)
Collecting certifi (from aioquic)
  Using cached certifi-2026.6.17-py3-none-any.whl.metadata (2.5 kB)
Collecting cryptography>=42.0.0 (from aioquic)
  Using cached cryptography-49.0.0-cp311-abi3-macosx_11_0_arm64.whl.metadata (4.3 kB)
Collecting pylsqpack<0.4.0,>=0.3.3 (from aioquic)
  Using cached pylsqpack-0.3.24-cp310-abi3-macosx_11_0_arm64.whl.metadata (2.1 kB)
Collecting pyopenssl>=24 (from aioquic)
  Using cached pyopenssl-26.3.0-py3-none-any.whl.metadata (22 kB)
Collecting service-identity>=24.1.0 (from aioquic)
  Using cached service_identity-26.1.0-py3-none-any.whl.metadata (4.8 kB)
Collecting coverage>=7.10.6 (from coverage[toml]>=7.10.6->pytest-cov)
  Using cached coverage-7.15.0-cp314-cp314-macosx_11_0_arm64.whl.metadata (8.6 kB)
Collecting pluggy>=1.2 (from pytest-cov)
  Using cached pluggy-1.6.0-py3-none-any.whl.metadata (4.8 kB)
Collecting iniconfig>=1.0.1 (from pytest>=7.0.0->-r requirements.txt (line 3))
  Using cached iniconfig-2.3.0-py3-none-any.whl.metadata (2.5 kB)
Collecting packaging>=22 (from pytest>=7.0.0->-r requirements.txt (line 3))
  Using cached packaging-26.2-py3-none-any.whl.metadata (3.5 kB)
Collecting pygments>=2.7.2 (from pytest>=7.0.0->-r requirements.txt (line 3))
  Using cached pygments-2.20.0-py3-none-any.whl.metadata (2.5 kB)
Collecting protobuf>=6.31.1 (from -r requirements.txt (line 6))
  Using cached protobuf-6.33.6-cp39-abi3-macosx_10_9_universal2.whl.metadata (593 bytes)
Collecting grpcio>=1.81.1 (from grpcio-tools>=1.50.0->-r requirements.txt (line 5))
  Using cached grpcio-1.81.1-cp314-cp314-macosx_11_0_universal2.whl.metadata (3.7 kB)
Collecting setuptools>=77.0.1 (from grpcio-tools>=1.50.0->-r requirements.txt (line 5))
  Using cached setuptools-83.0.0-py3-none-any.whl.metadata (6.6 kB)
Collecting cffi>=2.0.0 (from PyNaCl>=1.5.0->-r requirements.txt (line 7))
  Using cached cffi-2.0.0-cp314-cp314-macosx_11_0_arm64.whl.metadata (2.6 kB)
Collecting pycparser (from cffi>=2.0.0->PyNaCl>=1.5.0->-r requirements.txt (line 7))
  Using cached pycparser-3.0-py3-none-any.whl.metadata (8.2 kB)
Collecting typing-extensions~=4.12 (from grpcio>=1.81.1->grpcio-tools>=1.50.0->-r requirements.txt (line 5))
  Using cached typing_extensions-4.16.0-py3-none-any.whl.metadata (3.3 kB)
Collecting attrs>=19.1.0 (from service-identity>=24.1.0->aioquic)
  Using cached attrs-26.1.0-py3-none-any.whl.metadata (8.8 kB)
Using cached aioquic-1.3.0-cp310-abi3-macosx_11_0_arm64.whl (2.2 MB)
Using cached pylsqpack-0.3.24-cp310-abi3-macosx_11_0_arm64.whl (168 kB)
Using cached pytest_cov-7.1.0-py3-none-any.whl (22 kB)
Using cached numpy-2.5.1-cp314-cp314-macosx_14_0_arm64.whl (5.3 MB)
Using cached pytest-9.1.1-py3-none-any.whl (386 kB)
Using cached pluggy-1.6.0-py3-none-any.whl (20 kB)
Using cached scipy-1.18.0-cp314-cp314-macosx_14_0_arm64.whl (20.4 MB)
Using cached grpcio_tools-1.81.1-cp314-cp314-macosx_11_0_universal2.whl (5.8 MB)
Using cached protobuf-6.33.6-cp39-abi3-macosx_10_9_universal2.whl (427 kB)
Using cached pynacl-1.6.2-cp38-abi3-macosx_10_10_universal2.whl (388 kB)
Using cached cffi-2.0.0-cp314-cp314-macosx_11_0_arm64.whl (181 kB)
Using cached coverage-7.15.0-cp314-cp314-macosx_11_0_arm64.whl (221 kB)
Using cached cryptography-49.0.0-cp311-abi3-macosx_11_0_arm64.whl (4.0 MB)
Using cached grpcio-1.81.1-cp314-cp314-macosx_11_0_universal2.whl (12.1 MB)
Using cached typing_extensions-4.16.0-py3-none-any.whl (45 kB)
Using cached iniconfig-2.3.0-py3-none-any.whl (7.5 kB)
Using cached packaging-26.2-py3-none-any.whl (100 kB)
Using cached pygments-2.20.0-py3-none-any.whl (1.2 MB)
Using cached pyopenssl-26.3.0-py3-none-any.whl (56 kB)
Using cached service_identity-26.1.0-py3-none-any.whl (11 kB)
Using cached attrs-26.1.0-py3-none-any.whl (67 kB)
Using cached setuptools-83.0.0-py3-none-any.whl (1.0 MB)
Using cached certifi-2026.6.17-py3-none-any.whl (133 kB)
Using cached pycparser-3.0-py3-none-any.whl (48 kB)
Building wheels for collected packages: axcp
  Building editable for axcp (pyproject.toml): started
  Building editable for axcp (pyproject.toml): finished with status 'done'
  Created wheel for axcp: filename=axcp-0.1.0-0.editable-py3-none-any.whl size=2611 sha256=8a1cab7bcdd2944f2ac50ad42bf60e83860bf53073c46f9f57f1c13bd0fef9af
  Stored in directory: /private/var/folders/7f/ldyl16wn7yqdzbypmxw0vsl00000gn/T/pip-ephem-wheel-cache-8997ol14/wheels/44/a0/95/d06fd87c215992ee112c91541c95065064622c7bb80884a407
Successfully built axcp
Installing collected packages: paho-mqtt, typing-extensions, setuptools, pylsqpack, pygments, pycparser, protobuf, pluggy, packaging, numpy, iniconfig, coverage, certifi, attrs, scipy, pytest, grpcio, cffi, pytest-cov, PyNaCl, grpcio-tools, cryptography, service-identity, pyopenssl, aioquic, axcp

Successfully installed PyNaCl-1.6.2 aioquic-1.3.0 attrs-26.1.0 axcp-0.1.0 certifi-2026.6.17 cffi-2.0.0 coverage-7.15.0 cryptography-49.0.0 grpcio-1.81.1 grpcio-tools-1.81.1 iniconfig-2.3.0 numpy-2.5.1 packaging-26.2 paho-mqtt-1.6.1 pluggy-1.6.0 protobuf-6.33.6 pycparser-3.0 pygments-2.20.0 pylsqpack-0.3.24 pyopenssl-26.3.0 pytest-9.1.1 pytest-cov-7.1.0 scipy-1.18.0 service-identity-26.1.0 setuptools-83.0.0 typing-extensions-4.16.0
exit_code=0
